

  Vault basic flow
expected 50000000000000000000
actual   50000000000000000000
    鉁?deposit via approve+deposit mints correct amount (61ms)


  1 passing (1s)

